=== GEO-C FINAL ACCEPTANCE RUN ===
UTC stamp: 20260918T235441Z

=== REPOSITORY IDENTITY ===
origin	https://github.com/alex-1974/geodesy-d.git (fetch)
origin	https://github.com/alex-1974/geodesy-d.git (push)
branch: research/geodesics
HEAD:   cd5c1345ad53984e6fff850802418f5bb0c3d0ee

?? research/geodesics/geoc_public_probe.d
?? research/geodesics/validate_geoc_exact.py
?? research/geodesics/validate_geoc_wide_real.py

=== TOOLCHAIN ===
DMD64 D Compiler v2.111.0
LDC - the LLVM D compiler (1.41.0):
  based on DMD v2.111.0 and LLVM 19.1.7
  built with LDC - the LLVM D compiler (1.41.0)
Python 3.14.4
/usr/bin/GeodSolve: GeographicLib version 2.7
/tmp/geographiclib-r2.7-build-mpfr-geob/tools/GeodSolve: GeographicLib version 2.7

MPFR oracle linkage:
	libmpfr.so.6 => /usr/lib/x86_64-linux-gnu/libmpfr.so.6 (0x00007bb9e7747000)
	libgmp.so.10 => /usr/lib/x86_64-linux-gnu/libgmp.so.10 (0x00007bb9e7254000)

=== VALIDATOR HASHES ===
5a90fe00c9e2a1bdd11b99cfe64f85f0e5853d9440d61636c91dd4dd9a2ac1ff  research/geodesics/geoc_public_probe.d
ffcfc03e5eeaaee5793d90804d5e3f028e808cb2030b04a3c62c3a234acbba59  research/geodesics/validate_geoc_exact.py
f540b80b6687cd64a0c4058a1b6c5cc7d55b4bfaecd3908c4e8b8a390c7bfb78  research/geodesics/validate_geoc_wide_real.py
0ea217df1a0eeaff408cbc5aa4dfbdbf2f9d55e5df52369889d87b269368cded  /usr/bin/GeodSolve
fe45fa1675845f13da126c8e905c229902d60d8cf0b3091fc0f30d9c3268ea88  /tmp/geographiclib-r2.7-build-mpfr-geob/tools/GeodSolve

=== EXPECTED CORPUS SIZE ===
Bulk profiles: 10
Generated/profile/operation: 4000
Direct fixed/profile: 15
Inverse fixed/profile: 16
Direct comparisons/public scalar: 40150
Inverse comparisons/public scalar: 40160
Bulk public scalars: float, double, real
Wide-real profiles: 8
Wide-real comparisons/compiler: 2000 Direct + 2000 Inverse

=== BULK FULL / DMD ===
GeodSolve: GeographicLib version 2.7
compiler: dmd
seed: 0x47454F51
generated cases per profile/operation: 4000
gate mode: FULL

=== scalar: float ===
  worst I.initial tangent: ('random-01030', 1.7895325353213538, 1.1912591001185658e-07, 2.1317969176598116e-07, -2.290820837020874, -2.290820956146784)
  worst I.final tangent: ('dateline-03654', 0.6115934893248042, 1.191405897738047e-07, 7.28656090199763e-08, 2.815819263458252, 2.815819144317662)
sphere: D=4015 I=4016 D.end=1.189e-07 I.dist=1.643e-07
  worst I.initial tangent: ('polar-03511', 2.17002249974968, 1.1920928962783181e-07, 2.586868406715712e-07, 2.396390914916992, 2.3963910341262817)
  worst I.final tangent: ('polar-03499', 0.4868176348674704, 1.192092891138696e-07, 5.803318418064648e-08, 2.882256031036377, 2.882255911827088)
wgs84: D=4015 I=4016 D.end=1.181e-07 I.dist=1.644e-07
  worst I.initial tangent: ('polar-03447', 0.8983411927961297, 1.1920928998501536e-07, 1.0709061575751842e-07, -2.948549747467041, -2.948549628257751)
  worst I.final tangent: ('polar-03545', 1.1579606817342567, 1.1920928952067598e-07, 1.3803967016241833e-07, 2.226693630218506, 2.2266937494277954)
grs80: D=4015 I=4016 D.end=1.179e-07 I.dist=1.644e-07
  worst I.initial tangent: ('polar-03423', 0.7688065512173112, 1.1920928961286532e-07, 9.164888282033263e-08, 2.3787426948547363, 2.3787425756454468)
  worst I.final tangent: ('polar-03301', 2.991694353752742, 1.1920928962822441e-07, 3.566377586956343e-07, 2.8039069175720215, 2.803906798362732)
international-1924: D=4015 I=4016 D.end=1.186e-07 I.dist=1.644e-07
  worst I.initial tangent: ('polar-03552', 2.3935752246201605, 1.1920928962128046e-07, 2.8533640218206614e-07, -2.2410526275634766, -2.241052746772766)
  worst I.final tangent: ('polar-03435', 2.4790031995528836, 1.1920928995573314e-07, 2.955202112166899e-07, -2.390382766723633, -2.390382885932923)
airy-1830: D=4015 I=4016 D.end=1.183e-07 I.dist=1.644e-07
  worst I.initial tangent: ('random-01852', 0.5571235899490524, 1.1913710284305314e-07, 6.637409043205122e-08, -2.943248987197876, -2.943249106334979)
  worst I.final tangent: ('polar-03416', 1.3840295224279018, 1.1920928953062423e-07, 1.6498917605803933e-07, 3.119666576385498, 3.1196664571762085)
near-sphere: D=4015 I=4016 D.end=1.176e-07 I.dist=1.643e-07
  worst I.initial tangent: ('polar-03592', 1.876014773867842, 1.192092900929286e-07, 2.2363838939663145e-07, -2.072089195251465, -2.072089314460755)
  worst I.final tangent: ('random-00175', 1.0302028621544181, 1.1903785247169425e-07, 1.226331363210548e-07, -2.64548397064209, -2.6454840896799423)
mid-f: D=4015 I=4016 D.end=1.185e-07 I.dist=1.644e-07
  worst I.initial tangent: ('polar-03460', 1.472296729778922, 1.1920928954753744e-07, 1.7551144716010802e-07, -3.100870132446289, -3.1008702516555786)
  worst I.final tangent: ('polar-03355', 0.2875352805979625, 1.1920928999416838e-07, 3.427687664835709e-08, -3.0991063117980957, -3.0991064310073857)
max-f: D=4015 I=4016 D.end=1.190e-07 I.dist=1.645e-07
  worst I.initial tangent: ('polar-03361', 2.5408432736, 1.192092896164829e-07, 3.028921216726749e-07, -2.6749095916748047, -2.674909472465515)
  worst I.final tangent: ('short-03002', 6.4971e-06, 1.1913093923143e-07, 7.740056252805238e-13, -2.6892483234405518, -2.689248442571491)
unit-scale: D=4015 I=4016 D.end=1.176e-07 I.dist=1.644e-07
  worst I.initial tangent: ('polar-03430', 0.1788104474601355, 1.1920928959516112e-07, 2.1315866413915634e-08, -2.3741607666015625, -2.374160647392273)
  worst I.final tangent: ('polar-03586', 1.5211075166196955, 1.1920928955866027e-07, 1.813301463985719e-07, -2.9259161949157715, -2.925916075706482)
large-scale: D=4015 I=4016 D.end=1.190e-07 I.dist=1.644e-07

float total Direct:  40150
float total Inverse: 40160
float max Direct endpoint: 1.190403782142e-07
float max Direct tangent: 2.3677176119508157e-07
float max Direct raw final azimuth: 1.7585856637580832e-07
float max Inverse distance: 1.644926500857143e-07
float max Inverse closure: 1.644926500857143e-07
float max Inverse initial tangent: 1.1920929009292861e-07
float max Inverse final tangent: 1.1920928999416838e-07
float max Inverse conditioned initial tangent: 1.1920929009292861e-07
float max Inverse conditioned final tangent: 1.1920928999416838e-07
float max Inverse short initial transverse: 1.1622676356881111e-12
float max Inverse short final transverse: 1.17142650271436e-12
float max Inverse near-antipodal initial conditioned: 4.4820074841477023e-12
float max Inverse near-antipodal final conditioned: 1.1396490471998431e-11
float max Inverse raw initial azimuth: 1.1919488462908134e-07
float max Inverse raw final azimuth: 1.1918137499122849e-07
float: PASS

=== scalar: double ===
  worst I.initial tangent: ('short-03112', 8.95282844137498e-11, 2.1983488523277805e-06, 1.96814401291842e-16, 1.3332716512532852, 1.3332738496021375)
  worst I.final tangent: ('short-03112', 8.95282844137498e-11, 2.1983488523234158e-06, 1.9681440129145122e-16, 1.3332716515076917, 1.333273849856544)
sphere: D=4015 I=4016 D.end=4.340e-14 I.dist=1.169e-15
  worst I.initial tangent: ('short-03199', 6.795728909554623e-11, 2.429540067138337e-06, 1.6510495671173277e-16, 0.8018812800061574, 0.8018788504660903)
  worst I.final tangent: ('short-03199', 6.795728909554623e-11, 2.429540067513994e-06, 1.651049567372614e-16, 0.8018812800564191, 0.8018788505163517)
wgs84: D=4015 I=4016 D.end=3.198e-15 I.dist=2.628e-15
  worst I.initial tangent: ('short-03283', 2.2552039882492335e-11, 3.692212554399775e-06, 8.326692478146262e-17, -1.5870437469245382, -1.5870474391370926)
  worst I.final tangent: ('short-03283', 2.2552039882492335e-11, 3.6922125543267125e-06, 8.326692477981491e-17, -1.5870437467885288, -1.5870474390010831)
grs80: D=4015 I=4016 D.end=3.026e-15 I.dist=2.336e-15
  worst I.initial tangent: ('short-03162', 3.309793947937943e-11, 4.861524056530414e-06, 1.6090642900059082e-16, 0.7628973967649548, 0.7628925352408982)
  worst I.final tangent: ('short-03162', 3.309793947937943e-11, 4.8615240570568625e-06, 1.6090642901801518e-16, 0.7628973969050213, 0.7628925353809644)
international-1924: D=4015 I=4016 D.end=2.367e-15 I.dist=2.336e-15
  worst I.initial tangent: ('short-03169', 1.447562403815578e-10, 1.4450703311205377e-06, 2.0918294821994187e-16, -1.2094788129586656, -1.2094802580289967)
  worst I.final tangent: ('short-03169', 1.447562403815578e-10, 1.4450703310057331e-06, 2.0918294820332318e-16, -1.2094788128028062, -1.2094802578731372)
airy-1830: D=4015 I=4016 D.end=3.167e-15 I.dist=2.629e-15
  worst I.initial tangent: ('short-03162', 3.554067590583269e-11, 4.491809018125313e-06, 1.5964192854408829e-16, 0.6691325566894816, 0.6691370484984996)
  worst I.final tangent: ('short-03162', 3.554067590583269e-11, 4.49180901819252e-06, 1.5964192854647688e-16, 0.66913255676111, 0.6691370485701282)
near-sphere: D=4015 I=4016 D.end=2.305e-15 I.dist=2.336e-15
  worst I.initial tangent: ('short-03073', 4.611091428571429e-11, 4.760755360377771e-06, 2.1952278235763423e-16, -1.5127723053923252, -1.5127770661476856)
  worst I.final tangent: ('short-03073', 4.611091428571429e-11, 4.760755360376126e-06, 2.195227823575584e-16, -1.5127723054511404, -1.5127770662065008)
mid-f: D=4015 I=4016 D.end=2.500e-15 I.dist=2.661e-15
  worst I.initial tangent: ('short-02916', 1.1891742857142856e-11, 2.3495750094440136e-06, 2.7940541835877206e-17, 1.8000524654753598, 1.8000548150503692)
  worst I.final tangent: ('short-02916', 1.1891742857142856e-11, 2.3495750093737014e-06, 2.7940541835041075e-17, 1.800052465552375, 1.8000548151273845)
max-f: D=4015 I=4016 D.end=3.386e-15 I.dist=2.395e-15
  worst I.initial tangent: ('short-03236', 1e-10, 1.1342636079078411e-06, 1.1342636079078411e-16, 1.6603047347130133, 1.6603058689766212)
  worst I.final tangent: ('short-03236', 1e-10, 1.1342636081375795e-06, 1.1342636081375796e-16, 1.6603047345531807, 1.6603058688167889)
unit-scale: D=4015 I=4016 D.end=0.000e+00 I.dist=4.998e-11
  worst I.initial tangent: ('short-02977', 2.35840719e-11, 5.639579370158402e-06, 1.3300424535157244e-16, -1.9689184379874813, -1.9689127984081112)
  worst I.final tangent: ('short-02977', 2.35840719e-11, 5.639579369703064e-06, 1.3300424534083373e-16, -1.968918438012707, -1.9689127984333372)
large-scale: D=4015 I=4016 D.end=2.394e-15 I.dist=2.384e-15

double total Direct:  40150
double total Inverse: 40160
double max Direct endpoint: 4.3399780254277194e-14
double max Direct tangent: 4.3298623456710684e-14
double max Direct raw final azimuth: 2.5256779123911197e-13
double max Inverse distance: 4.9980020122575297e-11
double max Inverse closure: 3.2141046829191662e-15
double max Inverse initial tangent: 5.6395793701584016e-06
double max Inverse final tangent: 5.6395793697030638e-06
double max Inverse conditioned initial tangent: 4.6853055897983778e-14
double max Inverse conditioned final tangent: 4.683184052839462e-14
double max Inverse short initial transverse: 4.6504571962760481e-16
double max Inverse short final transverse: 4.650457197031982e-16
double max Inverse near-antipodal initial conditioned: 4.3699830400049249e-16
double max Inverse near-antipodal final conditioned: 4.3700078801542664e-16
double max Inverse raw initial azimuth: 4.6851411639181606e-14
double max Inverse raw final azimuth: 4.6851411639181606e-14
double: PASS

=== scalar: real ===
  worst I.initial tangent: ('short-02965', 8.29587191963585e-11, 3.392715313582647e-06, 2.814553170126882e-16, 2.632196235790644, 2.6321928430753303)
  worst I.final tangent: ('short-02965', 8.29587191963585e-11, 3.392715313632157e-06, 2.814553170167955e-16, 2.632196235859569, 2.6321928431442556)
sphere: D=4015 I=4016 D.end=1.334e-15 I.dist=1.169e-15
  worst I.initial tangent: ('short-03052', 7.054522347199504e-11, 6.208786258411804e-06, 4.380002140895127e-16, 2.8688820932069032, 2.8688883019931617)
  worst I.final tangent: ('short-03052', 7.054522347199504e-11, 6.208786258411804e-06, 4.380002140895127e-16, 2.868882093216616, 2.8688883020028744)
wgs84: D=4015 I=4016 D.end=2.634e-15 I.dist=2.336e-15
  worst I.initial tangent: ('short-03070', 3.686634514122227e-11, 3.4849987775625516e-06, 1.2847916775035874e-16, 2.532424662156378, 2.5324211771576004)
  worst I.final tangent: ('short-03070', 3.686634514122227e-11, 3.4849987779608354e-06, 1.28479167765042e-16, 2.5324246612077235, 2.5324211762089455)
grs80: D=4015 I=4016 D.end=2.571e-15 I.dist=2.336e-15
  worst I.initial tangent: ('short-03162', 3.309792380143698e-11, 4.737320627417674e-06, 1.567954771492458e-16, 0.762897851989195, 0.7628931146685676)
  worst I.final tangent: ('short-03162', 3.309792380143698e-11, 4.737320627584734e-06, 1.5679547715477512e-16, 0.7628978521292614, 0.7628931148086339)
international-1924: D=4015 I=4016 D.end=2.430e-15 I.dist=2.336e-15
  worst I.initial tangent: ('short-03157', 7.504350333862209e-11, 5.378305989639285e-06, 4.0360692348962687e-16, -0.6459593246956065, -0.6459647030015961)
  worst I.final tangent: ('short-03157', 7.504350333862209e-11, 5.378305989330352e-06, 4.0360692346644343e-16, -0.6459593246802408, -0.6459647029862302)
airy-1830: D=4015 I=4016 D.end=2.713e-15 I.dist=2.336e-15
  worst I.initial tangent: ('short-03162', 3.5540503441678976e-11, 5.366646414232684e-06, 1.9073331535531083e-16, 0.6691355573272352, 0.6691409239736493)
  worst I.final tangent: ('short-03162', 3.5540503441678976e-11, 5.3666464140034606e-06, 1.9073331534716412e-16, 0.6691355573988639, 0.6691409240452779)
near-sphere: D=4015 I=4016 D.end=2.399e-15 I.dist=2.336e-15
  worst I.initial tangent: ('short-02920', 9.158437142857142e-11, 2.760384300236645e-06, 2.528080610384701e-16, -1.3995099406792462, -1.3995127010635464)
  worst I.final tangent: ('short-02920', 9.158437142857142e-11, 2.7603843004560913e-06, 2.5280806105856793e-16, -1.3995099401392417, -1.3995127005235422)
mid-f: D=4015 I=4016 D.end=2.486e-15 I.dist=2.129e-15
  worst I.initial tangent: ('short-02968', 9.761361428571429e-11, 2.627444858276426e-06, 2.5647438895277833e-16, 1.833921525672495, 1.8339188982276367)
  worst I.final tangent: ('short-02968', 9.761361428571429e-11, 2.6274448581643823e-06, 2.564743889418413e-16, 1.8339215266414917, 1.8339188991966335)
max-f: D=4015 I=4016 D.end=2.657e-15 I.dist=2.129e-15
  worst I.initial tangent: ('short-02957', 1e-10, 1.891696065659155e-06, 1.891696065659155e-16, -2.5928306562429957, -2.5928325479390613)
  worst I.final tangent: ('short-02957', 1e-10, 1.89169606598801e-06, 1.89169606598801e-16, -2.5928306554775493, -2.5928325471736153)
unit-scale: D=4015 I=4016 D.end=0.000e+00 I.dist=4.998e-11
  worst I.initial tangent: ('short-02977', 2.3584007399999997e-11, 6.4458934742981965e-06, 1.5201999939746035e-16, -1.968912744564457, -1.9689062986709827)
  worst I.final tangent: ('short-02977', 2.3584007399999997e-11, 6.445893474155512e-06, 1.520199993940953e-16, -1.9689127445896828, -1.9689062986962087)
large-scale: D=4015 I=4016 D.end=2.411e-15 I.dist=2.384e-15

real total Direct:  40150
real total Inverse: 40160
real max Direct endpoint: 2.7126347361518257e-15
real max Direct tangent: 2.9594524856965341e-15
real max Direct raw final azimuth: 1.0136336214827679e-13
real max Inverse distance: 4.9980020122575297e-11
real max Inverse closure: 3.135993914626388e-15
real max Inverse initial tangent: 6.4458934742981965e-06
real max Inverse final tangent: 6.4458934741555121e-06
real max Inverse conditioned initial tangent: 3.1317650480499891e-14
real max Inverse conditioned final tangent: 3.1202109643040833e-14
real max Inverse short initial transverse: 5.3375353202937623e-16
real max Inverse short final transverse: 5.337535319872912e-16
real max Inverse near-antipodal initial conditioned: 5.2913432018078364e-16
real max Inverse near-antipodal final conditioned: 5.2913552484059929e-16
real max Inverse raw initial azimuth: 3.1308289294429414e-14
real max Inverse raw final azimuth: 3.1086244689504383e-14
real: PASS

GEO-C Exact public differential validation: PASS

=== BULK FULL / LDC ===
GeodSolve: GeographicLib version 2.7
compiler: ldc2
seed: 0x47454F51
generated cases per profile/operation: 4000
gate mode: FULL

=== scalar: float ===
  worst I.initial tangent: ('random-01030', 1.7895325353213538, 1.1912591001185658e-07, 2.1317969176598116e-07, -2.290820837020874, -2.290820956146784)
  worst I.final tangent: ('dateline-03654', 0.6115934893248042, 1.191405897738047e-07, 7.28656090199763e-08, 2.815819263458252, 2.815819144317662)
sphere: D=4015 I=4016 D.end=1.189e-07 I.dist=1.643e-07
  worst I.initial tangent: ('polar-03511', 2.17002249974968, 1.1920928962783181e-07, 2.586868406715712e-07, 2.396390914916992, 2.3963910341262817)
  worst I.final tangent: ('polar-03499', 0.4868176348674704, 1.192092891138696e-07, 5.803318418064648e-08, 2.882256031036377, 2.882255911827088)
wgs84: D=4015 I=4016 D.end=1.181e-07 I.dist=1.644e-07
  worst I.initial tangent: ('polar-03447', 0.8983411927961297, 1.1920928998501536e-07, 1.0709061575751842e-07, -2.948549747467041, -2.948549628257751)
  worst I.final tangent: ('polar-03545', 1.1579606817342567, 1.1920928952067598e-07, 1.3803967016241833e-07, 2.226693630218506, 2.2266937494277954)
grs80: D=4015 I=4016 D.end=1.179e-07 I.dist=1.644e-07
  worst I.initial tangent: ('polar-03423', 0.7688065512173112, 1.1920928961286532e-07, 9.164888282033263e-08, 2.3787426948547363, 2.3787425756454468)
  worst I.final tangent: ('polar-03301', 2.991694353752742, 1.1920928962822441e-07, 3.566377586956343e-07, 2.8039069175720215, 2.803906798362732)
international-1924: D=4015 I=4016 D.end=1.186e-07 I.dist=1.644e-07
  worst I.initial tangent: ('polar-03552', 2.3935752246201605, 1.1920928962128046e-07, 2.8533640218206614e-07, -2.2410526275634766, -2.241052746772766)
  worst I.final tangent: ('polar-03435', 2.4790031995528836, 1.1920928995573314e-07, 2.955202112166899e-07, -2.390382766723633, -2.390382885932923)
airy-1830: D=4015 I=4016 D.end=1.183e-07 I.dist=1.644e-07
  worst I.initial tangent: ('random-01852', 0.5571235899490524, 1.1913710284305314e-07, 6.637409043205122e-08, -2.943248987197876, -2.943249106334979)
  worst I.final tangent: ('polar-03416', 1.3840295224279018, 1.1920928953062423e-07, 1.6498917605803933e-07, 3.119666576385498, 3.1196664571762085)
near-sphere: D=4015 I=4016 D.end=1.176e-07 I.dist=1.643e-07
  worst I.initial tangent: ('polar-03592', 1.876014773867842, 1.192092900929286e-07, 2.2363838939663145e-07, -2.072089195251465, -2.072089314460755)
  worst I.final tangent: ('random-00175', 1.0302028621544181, 1.1903785247169425e-07, 1.226331363210548e-07, -2.64548397064209, -2.6454840896799423)
mid-f: D=4015 I=4016 D.end=1.185e-07 I.dist=1.644e-07
  worst I.initial tangent: ('polar-03460', 1.472296729778922, 1.1920928954753744e-07, 1.7551144716010802e-07, -3.100870132446289, -3.1008702516555786)
  worst I.final tangent: ('polar-03355', 0.2875352805979625, 1.1920928999416838e-07, 3.427687664835709e-08, -3.0991063117980957, -3.0991064310073857)
max-f: D=4015 I=4016 D.end=1.190e-07 I.dist=1.645e-07
  worst I.initial tangent: ('polar-03361', 2.5408432736, 1.192092896164829e-07, 3.028921216726749e-07, -2.6749095916748047, -2.674909472465515)
  worst I.final tangent: ('short-03002', 6.4971e-06, 1.1913093923143e-07, 7.740056252805238e-13, -2.6892483234405518, -2.689248442571491)
unit-scale: D=4015 I=4016 D.end=1.176e-07 I.dist=1.644e-07
  worst I.initial tangent: ('polar-03430', 0.1788104474601355, 1.1920928959516112e-07, 2.1315866413915634e-08, -2.3741607666015625, -2.374160647392273)
  worst I.final tangent: ('polar-03586', 1.5211075166196955, 1.1920928955866027e-07, 1.813301463985719e-07, -2.9259161949157715, -2.925916075706482)
large-scale: D=4015 I=4016 D.end=1.190e-07 I.dist=1.644e-07

float total Direct:  40150
float total Inverse: 40160
float max Direct endpoint: 1.190403782142e-07
float max Direct tangent: 2.3677176119508157e-07
float max Direct raw final azimuth: 1.7585856637580832e-07
float max Inverse distance: 1.644926500857143e-07
float max Inverse closure: 1.644926500857143e-07
float max Inverse initial tangent: 1.1920929009292861e-07
float max Inverse final tangent: 1.1920928999416838e-07
float max Inverse conditioned initial tangent: 1.1920929009292861e-07
float max Inverse conditioned final tangent: 1.1920928999416838e-07
float max Inverse short initial transverse: 1.1622676356881111e-12
float max Inverse short final transverse: 1.17142650271436e-12
float max Inverse near-antipodal initial conditioned: 4.4820074841477023e-12
float max Inverse near-antipodal final conditioned: 1.1396490471998431e-11
float max Inverse raw initial azimuth: 1.1919488462908134e-07
float max Inverse raw final azimuth: 1.1918137499122849e-07
float: PASS

=== scalar: double ===
  worst I.initial tangent: ('short-03112', 8.95282844137498e-11, 2.1983488523277805e-06, 1.96814401291842e-16, 1.3332716512532852, 1.3332738496021375)
  worst I.final tangent: ('short-03112', 8.95282844137498e-11, 2.1983488523234158e-06, 1.9681440129145122e-16, 1.3332716515076917, 1.333273849856544)
sphere: D=4015 I=4016 D.end=4.340e-14 I.dist=1.169e-15
  worst I.initial tangent: ('short-03199', 6.795728909554623e-11, 3.601714206355073e-06, 2.4476273356080755e-16, 0.8018824521802967, 0.8018788504660903)
  worst I.final tangent: ('short-03199', 6.795728909554623e-11, 3.60171420690916e-06, 2.447627335984618e-16, 0.8018824522305587, 0.8018788505163517)
wgs84: D=4015 I=4016 D.end=3.042e-15 I.dist=2.628e-15
  worst I.initial tangent: ('short-03283', 2.2552039882492335e-11, 3.692212554399775e-06, 8.326692478146262e-17, -1.5870437469245382, -1.5870474391370926)
  worst I.final tangent: ('short-03283', 2.2552039882492335e-11, 3.6922125543267125e-06, 8.326692477981491e-17, -1.5870437467885288, -1.5870474390010831)
grs80: D=4015 I=4016 D.end=3.026e-15 I.dist=2.336e-15
  worst I.initial tangent: ('short-03162', 3.309793947937943e-11, 4.861524056530414e-06, 1.6090642900059082e-16, 0.7628973967649548, 0.7628925352408982)
  worst I.final tangent: ('short-03162', 3.309793947937943e-11, 4.8615240570568625e-06, 1.6090642901801518e-16, 0.7628973969050213, 0.7628925353809644)
international-1924: D=4015 I=4016 D.end=2.399e-15 I.dist=2.336e-15
  worst I.initial tangent: ('short-03169', 1.447562403815578e-10, 1.4450703311205377e-06, 2.0918294821994187e-16, -1.2094788129586656, -1.2094802580289967)
  worst I.final tangent: ('short-03169', 1.447562403815578e-10, 1.4450703310057331e-06, 2.0918294820332318e-16, -1.2094788128028062, -1.2094802578731372)
airy-1830: D=4015 I=4016 D.end=3.167e-15 I.dist=2.629e-15
  worst I.initial tangent: ('short-03162', 3.554067590583269e-11, 4.491809018125313e-06, 1.5964192854408829e-16, 0.6691325566894816, 0.6691370484984996)
  worst I.final tangent: ('short-03162', 3.554067590583269e-11, 4.49180901819252e-06, 1.5964192854647688e-16, 0.66913255676111, 0.6691370485701282)
near-sphere: D=4015 I=4016 D.end=2.305e-15 I.dist=2.336e-15
  worst I.initial tangent: ('short-03073', 4.611091428571429e-11, 4.760755360377771e-06, 2.1952278235763423e-16, -1.5127723053923252, -1.5127770661476856)
  worst I.final tangent: ('short-03073', 4.611091428571429e-11, 4.760755360376126e-06, 2.195227823575584e-16, -1.5127723054511404, -1.5127770662065008)
mid-f: D=4015 I=4016 D.end=2.457e-15 I.dist=2.661e-15
  worst I.initial tangent: ('short-02916', 1.1891742857142856e-11, 2.3495750094440136e-06, 2.7940541835877206e-17, 1.8000524654753598, 1.8000548150503692)
  worst I.final tangent: ('short-02916', 1.1891742857142856e-11, 2.3495750093737014e-06, 2.7940541835041075e-17, 1.800052465552375, 1.8000548151273845)
max-f: D=4015 I=4016 D.end=3.343e-15 I.dist=2.395e-15
  worst I.initial tangent: ('short-03236', 1e-10, 1.1342636079078411e-06, 1.1342636079078411e-16, 1.6603047347130133, 1.6603058689766212)
  worst I.final tangent: ('short-03236', 1e-10, 1.1342636081375795e-06, 1.1342636081375796e-16, 1.6603047345531807, 1.6603058688167889)
unit-scale: D=4015 I=4016 D.end=0.000e+00 I.dist=4.998e-11
  worst I.initial tangent: ('short-02977', 2.35840719e-11, 5.639579370158402e-06, 1.3300424535157244e-16, -1.9689184379874813, -1.9689127984081112)
  worst I.final tangent: ('short-02977', 2.35840719e-11, 5.639579369703064e-06, 1.3300424534083373e-16, -1.968918438012707, -1.9689127984333372)
large-scale: D=4015 I=4016 D.end=2.394e-15 I.dist=2.384e-15

double total Direct:  40150
double total Inverse: 40160
double max Direct endpoint: 4.3399780254277194e-14
double max Direct tangent: 4.3298623456710684e-14
double max Direct raw final azimuth: 2.52586322625932e-13
double max Inverse distance: 4.9980020122575297e-11
double max Inverse closure: 3.2141046829191662e-15
double max Inverse initial tangent: 5.6395793701584016e-06
double max Inverse final tangent: 5.6395793697030638e-06
double max Inverse conditioned initial tangent: 4.6853055897983778e-14
double max Inverse conditioned final tangent: 4.683184052839462e-14
double max Inverse short initial transverse: 4.6504571962760481e-16
double max Inverse short final transverse: 4.650457197031982e-16
double max Inverse near-antipodal initial conditioned: 2.7170862485799886e-16
double max Inverse near-antipodal final conditioned: 2.7171168068434144e-16
double max Inverse raw initial azimuth: 4.6851411639181606e-14
double max Inverse raw final azimuth: 4.6851411639181606e-14
double: PASS

=== scalar: real ===
  worst I.initial tangent: ('short-02965', 8.29587191963585e-11, 3.3930339728761556e-06, 2.814817525795377e-16, 2.632196236109303, 2.6321928430753303)
  worst I.final tangent: ('short-02965', 8.29587191963585e-11, 3.3930339729256655e-06, 2.8148175258364496e-16, 2.6321962361782285, 2.6321928431442556)
sphere: D=4015 I=4016 D.end=1.334e-15 I.dist=1.169e-15
  worst I.initial tangent: ('short-03052', 7.054522347199504e-11, 6.208786258411804e-06, 4.380002140895127e-16, 2.8688820932069032, 2.8688883019931617)
  worst I.final tangent: ('short-03052', 7.054522347199504e-11, 6.208786258411804e-06, 4.380002140895127e-16, 2.868882093216616, 2.8688883020028744)
wgs84: D=4015 I=4016 D.end=2.634e-15 I.dist=2.336e-15
  worst I.initial tangent: ('short-03070', 3.686634514122227e-11, 3.4849987775625516e-06, 1.2847916775035874e-16, 2.532424662156378, 2.5324211771576004)
  worst I.final tangent: ('short-03070', 3.686634514122227e-11, 3.4849987779608354e-06, 1.28479167765042e-16, 2.5324246612077235, 2.5324211762089455)
grs80: D=4015 I=4016 D.end=2.571e-15 I.dist=2.336e-15
  worst I.initial tangent: ('short-03162', 3.309792380143698e-11, 4.737320627417674e-06, 1.567954771492458e-16, 0.762897851989195, 0.7628931146685676)
  worst I.final tangent: ('short-03162', 3.309792380143698e-11, 4.737320627584734e-06, 1.5679547715477512e-16, 0.7628978521292614, 0.7628931148086339)
international-1924: D=4015 I=4016 D.end=2.430e-15 I.dist=2.336e-15
  worst I.initial tangent: ('short-03157', 7.504350333862209e-11, 5.378305989639285e-06, 4.0360692348962687e-16, -0.6459593246956065, -0.6459647030015961)
  worst I.final tangent: ('short-03157', 7.504350333862209e-11, 5.378305989330352e-06, 4.0360692346644343e-16, -0.6459593246802408, -0.6459647029862302)
airy-1830: D=4015 I=4016 D.end=2.713e-15 I.dist=2.336e-15
  worst I.initial tangent: ('short-03162', 3.5540503441678976e-11, 5.366646414232684e-06, 1.9073331535531083e-16, 0.6691355573272352, 0.6691409239736493)
  worst I.final tangent: ('short-03162', 3.5540503441678976e-11, 5.3666464140034606e-06, 1.9073331534716412e-16, 0.6691355573988639, 0.6691409240452779)
near-sphere: D=4015 I=4016 D.end=2.399e-15 I.dist=2.336e-15
  worst I.initial tangent: ('short-02920', 9.158437142857142e-11, 2.760384300236645e-06, 2.528080610384701e-16, -1.3995099406792462, -1.3995127010635464)
  worst I.final tangent: ('short-02920', 9.158437142857142e-11, 2.7603843004560913e-06, 2.5280806105856793e-16, -1.3995099401392417, -1.3995127005235422)
mid-f: D=4015 I=4016 D.end=2.486e-15 I.dist=2.129e-15
  worst I.initial tangent: ('short-02968', 9.761361428571429e-11, 2.627444858276426e-06, 2.5647438895277833e-16, 1.833921525672495, 1.8339188982276367)
  worst I.final tangent: ('short-02968', 9.761361428571429e-11, 2.6274448581643823e-06, 2.564743889418413e-16, 1.8339215266414917, 1.8339188991966335)
max-f: D=4015 I=4016 D.end=2.657e-15 I.dist=2.129e-15
  worst I.initial tangent: ('short-02957', 1e-10, 1.891696065659155e-06, 1.891696065659155e-16, -2.5928306562429957, -2.5928325479390613)
  worst I.final tangent: ('short-02957', 1e-10, 1.89169606598801e-06, 1.89169606598801e-16, -2.5928306554775493, -2.5928325471736153)
unit-scale: D=4015 I=4016 D.end=0.000e+00 I.dist=4.998e-11
  worst I.initial tangent: ('short-02977', 2.3584007399999997e-11, 6.4458934742981965e-06, 1.5201999939746035e-16, -1.968912744564457, -1.9689062986709827)
  worst I.final tangent: ('short-02977', 2.3584007399999997e-11, 6.445893474155512e-06, 1.520199993940953e-16, -1.9689127445896828, -1.9689062986962087)
large-scale: D=4015 I=4016 D.end=2.411e-15 I.dist=2.384e-15

real total Direct:  40150
real total Inverse: 40160
real max Direct endpoint: 2.7126347361518257e-15
real max Direct tangent: 2.9594524856965341e-15
real max Direct raw final azimuth: 1.0136336214827679e-13
real max Inverse distance: 4.9980020122575297e-11
real max Inverse closure: 3.135993914626388e-15
real max Inverse initial tangent: 6.4458934742981965e-06
real max Inverse final tangent: 6.4458934741555121e-06
real max Inverse conditioned initial tangent: 3.1317650480499891e-14
real max Inverse conditioned final tangent: 3.1202109643040833e-14
real max Inverse short initial transverse: 5.3375353202937623e-16
real max Inverse short final transverse: 5.337535319872912e-16
real max Inverse near-antipodal initial conditioned: 5.2913432018078364e-16
real max Inverse near-antipodal final conditioned: 5.2913552484059929e-16
real max Inverse raw initial azimuth: 3.1308289294429414e-14
real max Inverse raw final azimuth: 3.1086244689504383e-14
real: PASS

GEO-C Exact public differential validation: PASS

=== WIDE REAL FULL / DMD ===
GeodSolve: GeographicLib version 2.7
oracle precision: MPFR 512 bits
compiler: dmd
seed: 0x47454F52
cases/profile/operation: 250
mode: FULL
wide-real limit: 2E-16
sphere: D.end=3.984E-19 D.azi=5.193E-19 I.dist=3.050E-19 I.azi1=5.353E-19 I.azi2=4.445E-19
wgs84: D.end=3.364E-19 D.azi=3.941E-18 I.dist=4.023E-19 I.azi1=4.144E-19 I.azi2=3.614E-19
grs80: D.end=6.257E-19 D.azi=7.646E-19 I.dist=3.946E-19 I.azi1=2.843E-19 I.azi2=2.083E-19
international-1924: D.end=2.927E-19 D.azi=1.876E-18 I.dist=4.196E-19 I.azi1=4.349E-19 I.azi2=4.107E-19
airy-1830: D.end=4.390E-19 D.azi=9.588E-19 I.dist=4.727E-19 I.azi1=2.885E-19 I.azi2=2.432E-19
max-f: D.end=1.749E-18 D.azi=1.535E-18 I.dist=3.565E-19 I.azi1=1.780E-18 I.azi2=1.883E-18
unit-scale: D.end=4.123E-19 D.azi=7.005E-19 I.dist=4.008E-19 I.azi1=4.394E-19 I.azi2=5.295E-19
large-scale: D.end=3.544E-19 D.azi=4.198E-19 I.dist=4.567E-19 I.azi1=4.716E-19 I.azi2=4.396E-19

inputs not preserved by binary64 roundtrip: 16000/16000
max direct_endpoint: 1.74935867990959837E-18
max direct_azimuth: 3.94142505748065181E-18
max inverse_distance: 4.72716596467215087E-19
max inverse_initial: 1.78039275144095870E-18
max inverse_final: 1.88302078203776862E-18
GEO-C wide-real precision qualification: PASS

=== WIDE REAL FULL / LDC ===
GeodSolve: GeographicLib version 2.7
oracle precision: MPFR 512 bits
compiler: ldc2
seed: 0x47454F52
cases/profile/operation: 250
mode: FULL
wide-real limit: 2E-16
sphere: D.end=4.645E-19 D.azi=2.341E-19 I.dist=3.050E-19 I.azi1=5.353E-19 I.azi2=4.679E-19
wgs84: D.end=3.364E-19 D.azi=3.941E-18 I.dist=4.023E-19 I.azi1=4.144E-19 I.azi2=3.614E-19
grs80: D.end=6.257E-19 D.azi=7.646E-19 I.dist=3.946E-19 I.azi1=1.812E-19 I.azi2=2.265E-19
international-1924: D.end=2.927E-19 D.azi=1.876E-18 I.dist=4.196E-19 I.azi1=3.627E-19 I.azi2=4.013E-19
airy-1830: D.end=4.390E-19 D.azi=9.588E-19 I.dist=4.727E-19 I.azi1=2.885E-19 I.azi2=2.432E-19
max-f: D.end=1.749E-18 D.azi=1.535E-18 I.dist=3.777E-19 I.azi1=1.780E-18 I.azi2=1.883E-18
unit-scale: D.end=4.123E-19 D.azi=7.005E-19 I.dist=4.199E-19 I.azi1=4.394E-19 I.azi2=5.295E-19
large-scale: D.end=3.544E-19 D.azi=4.198E-19 I.dist=4.567E-19 I.azi1=4.716E-19 I.azi2=4.396E-19

inputs not preserved by binary64 roundtrip: 16000/16000
max direct_endpoint: 1.74935867990959837E-18
max direct_azimuth: 3.94142505748065181E-18
max inverse_distance: 4.72716596467215087E-19
max inverse_initial: 1.78039275144095870E-18
max inverse_final: 1.88302078203776862E-18
GEO-C wide-real precision qualification: PASS

=== DIFF CHECK ===

=== FINAL STATUS ===
?? research/geodesics/geoc_public_probe.d
?? research/geodesics/validate_geoc_exact.py
?? research/geodesics/validate_geoc_wide_real.py

GEO-C FINAL ACCEPTANCE EXECUTION: PASS
